// Jest Snapshot v1, https://goo.gl/fbAQLP

exports[`ProductTitle Debe de mostrar el componente con el nombre del producto 1`] = `[Function]`;

exports[`ProductTitle Debe mostrar el componente con el titulo personalizado 1`] = `
<DocumentFragment>
  <span
    class="productDescription custom-title"
  >
    Custom Product
  </span>
</DocumentFragment>
`;
