// Jest Snapshot v1, https://goo.gl/fbAQLP

exports[`ProductImage Debe de mostrar el componente con la imagen del producto 1`] = `[Function]`;

exports[`ProductImage Debe mostrar el componente con la Imagen  personalizado 1`] = `
<DocumentFragment>
  <img
    alt="Cofee mug"
    class="productImg custom-title "
    src="https:://hola.jpg"
  />
</DocumentFragment>
`;
